[0.378s] Invoking command in '/home/haraibuki0217/ros2_ws/src/mypkg': PYTHONPATH=/home/haraibuki0217/ros2_ws/src/mypkg/build/mypkg/prefix_override:/usr/lib/python3/dist-packages/colcon_core/task/python/colcon_distutils_commands:/home/haraibuki0217/ros2_ws/src/mypkg/install/mypkg/lib/python3.12/site-packages:${PYTHONPATH} /usr/bin/python3 -W ignore:setup.py install is deprecated -W ignore:easy_install command is deprecated setup.py egg_info --egg-base build/mypkg build --build-base /home/haraibuki0217/ros2_ws/src/mypkg/build/mypkg/build install --record /home/haraibuki0217/ros2_ws/src/mypkg/build/mypkg/install.log --single-version-externally-managed install_data
[0.508s] running egg_info
[0.517s] writing build/mypkg/mypkg.egg-info/PKG-INFO
[0.517s] writing dependency_links to build/mypkg/mypkg.egg-info/dependency_links.txt
[0.517s] writing entry points to build/mypkg/mypkg.egg-info/entry_points.txt
[0.517s] writing requirements to build/mypkg/mypkg.egg-info/requires.txt
[0.517s] writing top-level names to build/mypkg/mypkg.egg-info/top_level.txt
[0.535s] reading manifest file 'build/mypkg/mypkg.egg-info/SOURCES.txt'
[0.536s] writing manifest file 'build/mypkg/mypkg.egg-info/SOURCES.txt'
[0.536s] running build
[0.536s] running build_py
[0.536s] running install
[0.540s] running install_lib
[0.550s] running install_data
[0.550s] copying package.xml -> /home/haraibuki0217/ros2_ws/src/mypkg/install/mypkg/share/mypkg
[0.550s] running install_egg_info
[0.559s] removing '/home/haraibuki0217/ros2_ws/src/mypkg/install/mypkg/lib/python3.12/site-packages/mypkg-0.0.0-py3.12.egg-info' (and everything under it)
[0.559s] Copying build/mypkg/mypkg.egg-info to /home/haraibuki0217/ros2_ws/src/mypkg/install/mypkg/lib/python3.12/site-packages/mypkg-0.0.0-py3.12.egg-info
[0.559s] running install_scripts
[0.620s] Installing listener script to /home/haraibuki0217/ros2_ws/src/mypkg/install/mypkg/lib/mypkg
[0.620s] Installing talker script to /home/haraibuki0217/ros2_ws/src/mypkg/install/mypkg/lib/mypkg
[0.620s] writing list of installed files to '/home/haraibuki0217/ros2_ws/src/mypkg/build/mypkg/install.log'
[0.635s] Invoked command in '/home/haraibuki0217/ros2_ws/src/mypkg' returned '0': PYTHONPATH=/home/haraibuki0217/ros2_ws/src/mypkg/build/mypkg/prefix_override:/usr/lib/python3/dist-packages/colcon_core/task/python/colcon_distutils_commands:/home/haraibuki0217/ros2_ws/src/mypkg/install/mypkg/lib/python3.12/site-packages:${PYTHONPATH} /usr/bin/python3 -W ignore:setup.py install is deprecated -W ignore:easy_install command is deprecated setup.py egg_info --egg-base build/mypkg build --build-base /home/haraibuki0217/ros2_ws/src/mypkg/build/mypkg/build install --record /home/haraibuki0217/ros2_ws/src/mypkg/build/mypkg/install.log --single-version-externally-managed install_data
